// Jest Snapshot v1, https://goo.gl/fbAQLP

exports[`AppComponent should render correctly 1`] = `ShallowWrapper {}`;
