// Jest Snapshot v1, https://goo.gl/fbAQLP

exports[`User Component should render correctly 1`] = `ShallowWrapper {}`;
